// Vitest Snapshot v1, https://vitest.dev/guide/snapshot.html

exports[`PasswordStrength > strong 레벨 렌더 스냅샷 1`] = `
<DocumentFragment>
  <div
    class="-mt-s-2 mb-s-3"
    data-slot="password-strength"
  >
    <div
      aria-label="비밀번호 강도"
      aria-valuemax="4"
      aria-valuemin="0"
      aria-valuenow="4"
      class="flex gap-[3px]"
      role="progressbar"
    >
      <span
        class="h-1 flex-1 rounded-sm transition-colors duration-200 bg-success"
      />
      <span
        class="h-1 flex-1 rounded-sm transition-colors duration-200 bg-success"
      />
      <span
        class="h-1 flex-1 rounded-sm transition-colors duration-200 bg-success"
      />
      <span
        class="h-1 flex-1 rounded-sm transition-colors duration-200 bg-success"
      />
    </div>
    <p
      class="mt-s-1 text-success"
    >
      강함 — 안전한 비밀번호입니다
    </p>
  </div>
</DocumentFragment>
`;
